// Jest Snapshot v1, https://goo.gl/fbAQLP

exports[`<Peril /> Should render correctly 1`] = `
<TouchableOpacity
  activeOpacity={0.2}
  onPress={[Function]}
>
  <View
    style={
      Object {
        "alignItems": "center",
        "marginLeft": 22,
        "width": 50,
      }
    }
  >
    <Image
      source={1}
      style={
        Object {
          "height": 40,
          "width": 40,
        }
      }
    />
    <Text
      accessible={true}
      allowFontScaling={true}
      ellipsizeMode="tail"
      style={
        Object {
          "color": "#9B9BAA",
          "fontFamily": "circular",
          "fontSize": 12,
          "textAlign": "center",
        }
      }
    >
      Juridisk tvist
    </Text>
  </View>
</TouchableOpacity>
`;
