// Jest Snapshot v1, https://goo.gl/fbAQLP

exports[`<PerilsCategory /> Should render correctly 1`] = `
<StyledCategoryContainer
  activeOpacity={1}
  onPress={[Function]}
>
  <StyledCategoryHeader>
    <StyledCategoryIcon
      source={
        Object {
          "uri": "",
        }
      }
    />
    <StyledCategoryTextAndButton>
      <StyledCategoryTextContainer>
        <StyledRow>
          <StyledHeading>
            Jag och min familj
          </StyledHeading>
        </StyledRow>
        <StyledRow>
          <StyledPassiveText>
            Försäkras för
          </StyledPassiveText>
        </StyledRow>
      </StyledCategoryTextContainer>
      <StyledExpandButton>
        <DisabledExpandButton
          size="mediumBig"
        />
      </StyledExpandButton>
    </StyledCategoryTextAndButton>
  </StyledCategoryHeader>
</StyledCategoryContainer>
`;
