// Jest Snapshot v1, https://goo.gl/fbAQLP

exports[`<PerilsCategory /> Should render correctly 1`] = `
<StyledCategoryContainer
  activeOpacity={1}
  onPress={[Function]}
>
  <StyledCategoryHeader>
    <StyledCategoryIcon
      source={
        Object {
          "uri": "",
        }
      }
    />
    <StyledCategoryTextAndButton>
      <StyledCategoryTextContainer>
        <Styled(Component)>
          <Styled(Text)>
            Jag och min familj
          </Styled(Text)>
        </Styled(Component)>
        <Styled(Component)>
          <Styled(Text)>
            Försäkras för
          </Styled(Text)>
        </Styled(Component)>
      </StyledCategoryTextContainer>
      <StyledExpandButton>
        <DisabledExpandButton
          size="mediumBig"
        />
      </StyledExpandButton>
    </StyledCategoryTextAndButton>
  </StyledCategoryHeader>
</StyledCategoryContainer>
`;
