// Jest Snapshot v1, https://goo.gl/fbAQLP

exports[`<Peril /> Should render correctly 1`] = `
<TouchableOpacity
  accessibilityComponentType="button"
  accessibilityTraits="image"
  onPress={[Function]}
>
  <View
    style={
      Object {
        "alignItems": "center",
        "marginBottom": 10,
        "marginLeft": 22,
        "width": 50,
      }
    }
  >
    <Image
      source={
        Object {
          "testUri": "../../../assets/icons/perils/you/juridisk_tvist.png",
        }
      }
      style={
        Object {
          "height": 40,
          "width": 40,
        }
      }
    />
    <Text
      style={
        Object {
          "color": "#9B9BAA",
          "fontFamily": "CircularStd-Book",
          "fontSize": 12,
          "marginTop": 5,
          "textAlign": "center",
        }
      }
    >
      Juridisk tvist
    </Text>
  </View>
</TouchableOpacity>
`;
