// Jest Snapshot v1, https://goo.gl/fbAQLP

exports[`<Collaboration /> Should render correctly 1`] = `
<section
  className="pure-g pure-centered Collaboration"
>
  <div
    className="pure-u-1-1 pure-u-lg-5-6"
  >
    <div
      className="pure-g pure-centered"
    >
      <div
        className="pure-u-1-1 pure-u-md-1-3 Collaboration__icon"
      >
        <LazyLoad
          height={166}
          offset={200}
          once={false}
          overflow={false}
          resize={false}
          scroll={true}
          unmountIfInvisible={false}
        >
          <img
            alt="Samarbete"
            height={166}
            src="assets/web/Images/handshake.png"
            width={166}
          />
        </LazyLoad>
        <div
          className="pure-g pure-centered"
        >
          <p
            className="pure-u-5-6 pure-u-lg-5-6"
          >
            Hedvig tryggas av InterHannover, som är en del av världens största försäkringsgrupper
          </p>
        </div>
      </div>
      <div
        className="pure-u-1-1 pure-u-md-1-3 Collaboration__icon"
      >
        <LazyLoad
          height={166}
          offset={200}
          once={false}
          overflow={false}
          resize={false}
          scroll={true}
          unmountIfInvisible={false}
        >
          <img
            alt="Samarbete"
            height={166}
            src="assets/web/Images/AA.png"
            width={166}
          />
        </LazyLoad>
        <div
          className="pure-g pure-centered"
        >
          <p
            className="pure-u-5-6 pure-u-lg-5-6"
          >
            AA-rating från Standard & Poor's
          </p>
        </div>
      </div>
      <div
        className="pure-u-1-1 pure-u-md-1-3 Collaboration__icon"
      >
        <LazyLoad
          height={166}
          offset={200}
          once={false}
          overflow={false}
          resize={false}
          scroll={true}
          unmountIfInvisible={false}
        >
          <img
            alt="samarbete"
            height={166}
            src="assets/icons/authorized.svg"
            width={166}
          />
        </LazyLoad>
        <div
          className="pure-g pure-centered"
        >
          <p
            className="pure-u-5-6 pure-u-lg-5-6"
          >
            Hedvig är auktoriserat av Finansinspektionen
          </p>
        </div>
      </div>
    </div>
  </div>
</section>
`;
