// Jest Snapshot v1, https://goo.gl/fbAQLP

exports[`<Footer /> Should render correctly 1`] = `
<footer
  className="pure-g Footer"
>
  <div
    className="pure-u-1-1 pure-u-md-1-3"
  >
    <div
      className="pure-g Footer__links"
    >
      <div
        className="pure-u-1-2"
      >
        <div
          aria-label="Hedvig logo"
          className="Footer__icon"
          role="img"
        />
      </div>
      <nav
        className="pure-u-1-2"
      >
        <Link
          className="Footer__link"
          replace={false}
          to="/contact"
        >
          Kontakt
        </Link>
        <Link
          className="Footer__link"
          replace={false}
          to="/legal"
        >
          Legal information
        </Link>
      </nav>
    </div>
  </div>
</footer>
`;
